// Jest Snapshot v1, https://goo.gl/fbAQLP

exports[`Pruebas en Entry Component Debe de hacer match con el snapshot 1`] = `
<div class="entry-container mb-3 pointer p-2">
  <div class="entry-tittle d-flex"><span class="text-success fs-5 fw-bold">9</span><span class="mx-1 fs-5">Febrero</span><span class="mx-2 fw-light">2023, Jueves</span></div>
  <div class="entry-description">Hello World </div>
</div>
`;
