// Jest Snapshot v1, https://goo.gl/fbAQLP

exports[`Pruebas en el Entry View Debe de mostrar la entrada correcta  1`] = `
<div class="entry-title d-flex justify-content-between p-1">
  <div><span class="text-success fs-3 fw-bold">10</span><span class="mx-1 fs-3">Febrero</span><span class="mx-4 fs-4 fw-light">2023, Viernes</span></div>
  <div><input type="file" accept="image/png, image/jpeg" style="display: none;"><button class="btn btn-danger mx-2"> Borrar <i class="fa fa-trash-alt"></i></button><button class="btn btn-primary"> Subir Foto <i class="fa fa-upload"></i></button></div>
</div>
<hr>
<div class="d-flex flex-column px-3 h-75"><textarea placeholder="¿Qué sucedio hoy?"></textarea></div>
<img src="https://res.cloudinary.com/dbpazexms/image/upload/v1676047011/sostymtaz3jbvfzpqrfi.png" alt="entry-picture" class="img-thumbnail">
<!--v-if-->
<fab-stub icon="fa-save"></fab-stub>
`;
